<html>
<body>
<pre>
<h1>µVision Build Log</h1>
<h2>Tool Versions:</h2>
IDE-Version: µVision V5.18.0.0
Copyright (C) 2016 ARM Ltd and ARM Germany GmbH. All rights reserved.
License Information: Oleg Akulov, NIRL, LIC=----
 
Tool Versions:
Toolchain:       MDK-Lite  Version: 5.18
Toolchain Path:  C:\Keil_v5\ARM\ARMCC\Bin
C Compiler:      Armcc.exe V5.06 update 1 (build 61)
Assembler:       Armasm.exe V5.06 update 1 (build 61)
Linker/Locator:  ArmLink.exe V5.06 update 1 (build 61)
Library Manager: ArmAr.exe V5.06 update 1 (build 61)
Hex Converter:   FromElf.exe V5.06 update 1 (build 61)
CPU DLL:         SARMCM3.DLL V5.18
Dialog DLL:      DCM.DLL V1.13.6.0
Target DLL:      STLink\ST-LINKIII-KEIL_SWO.dll V2.0.18.0
Dialog DLL:      TCM.DLL V1.14.8.0
 
<h2>Project:</h2>
C:\Users\Oleg\Documents\Keil Projects\testOnSTM32f4\testOnStm32f4.uvprojx
Project File Date:  03/09/2016

<h2>Output:</h2>
*** Using Compiler 'V5.06 update 1 (build 61)', folder: 'C:\Keil_v5\ARM\ARMCC\Bin'
Build target 'Target 1'
compiling main.c...
.\CMSIS\stm32f4xx_conf.h(101): warning:  #1-D: last line of file ends without a newline
  /************************ (C) COPYRIGHT STMicroelectronics *****END OF FILE****/
.\libs\defines.h(17): warning:  #1-D: last line of file ends without a newline
  #define ERROR_BYTE 0xEE
.\libs\IProtocol.h(45): warning:  #1-D: last line of file ends without a newline
  byte crc8(const byte *pcBlock, uint32_t len);
.\libs\MTSP.h(8): warning:  #1295-D: Deprecated declaration SendRequest - give arg types
  void SendRequest();
User\main.c: 4 warnings, 0 errors
linking...
Program Size: Code=3110 RO-data=682 RW-data=16 ZI-data=1664  
".\Objects\testOnStm32f4.axf" - 0 Error(s), 4 Warning(s).

<h2>Collection of Component include folders:</h2>
  C:\Users\Oleg\Documents\Keil Projects\testOnSTM32f4\RTE
  C:\Keil_v5\ARM\PACK\Keil\STM32F4xx_DFP\2.7.0\Drivers\CMSIS\Device\ST\STM32F4xx\Include

<h2>Collection of Component Files used:</h2>
Build Time Elapsed:  00:00:01
</pre>
</body>
</html>
